# ë­˜ ë°°ìš¸ê±´ê°€ 

1. ëª¨ë“ˆì„ ë§Œë“œëŠ” ë²•
2. ëª…ë ¹ì–´ í™˜ê²½ì—ì„œ ì‹¤í–‰í•˜ëŠ” ì•±ì„ ë§Œë“œëŠ” ë²• 
3. ë‚˜ì˜ íŒ¨í‚¤ì§€ë¥¼ NPM Registry ì— ë“±ë¡í•˜ëŠ” ë°©ë²•
4. NPM Registry ì˜ íŒ¨í‚¤ì§€ë¥¼ ì‚¬ìš©í•˜ëŠ” ë°©ë²• 
5. NPXë¥¼ í†µí•´ì„œ ì¼íšŒìš©ìœ¼ë¡œ íŒ¨í‚¤ì§€ë¥¼ ì‹¤í–‰í•˜ëŠ” ë°©ë²•


# á„†á…©á„ƒá…²á†¯ á„†á…¡á†«á„ƒá…³á†¯á„€á…µ

ë‚´ê°€ ë§Œë“¤ ëª¨ë“ˆì˜ ì†Œë¹„ìë“¤ì—ê²Œ ë¶€í’ˆìœ¼ë¡œ ì‚¬ìš© í•  íŒ¨í‚¤ì§€ë¥¼ ë§Œë“¤ì–´ì„œ ì œê³µ í•´ë³´ì. 
ìœ„ì™€ê°™ì€ ì‘ì—…ì„ í•˜ê¸° ìœ„í•´ì„œëŠ” 'í˜„ì¬ ë””ë ‰í† ë¦¬ëŠ” íŒ¨í‚¤ì§€ì´ë‹¤' ë¼ê³  nodeJS ì—ê²Œ ì•Œë ¤ì¤„ í•„ìš”ê°€ ìˆë‹¤.

$ npm init 
 -> ì´ê²Œ ì•Œë ¤ì£¼ëŠ” ê±°ì„. 

 Press ^C at any time to quit.
package name: (producer) @hoon/hi
 -> íŒ¨í‚¤ì§€ì˜ ì´ë¦„ì„ ì •í•´ì£¼ëŠ”ê±´ë° ê·¸ëƒ¥ hi ë¼ê³ í•˜ë©´ ë‹¹ì—°íˆ ì´ë¯¸ ìˆëŠ” ì´ë¦„ì´ê² ì§€ ê·¸ëŸ¬ë‹ˆ ê·¸ ì•ì— ìŠ¤ì½”í”„(@hoon)ë¼ëŠ”ê±¸ ë¶™ì—¬ì£¼ê³  ì´ ìŠ¤ì½”í”„ëŠ” ë²”ìœ„ë¥¼ ì˜ë¯¸í•˜ê³  hoonì´ë¼ëŠ” ë²”ìœ„ì•ˆì— ìˆëŠ” íŒ¨í‚¤ì§€ ì´ë¦„ì¸ hi ì´ë ‡ê²Œ ë˜ëŠ”ê±°ë‹¤. 
version: (1.0.0) 0.0.1
 -> ì—”í„°ì¹˜ë©´ ì € ê°€ë¡œì•ˆì˜ ë²„ì „ìœ¼ë¡œ ë§Œë“œëŠ” ê²ƒ ì´ë‹¤. ë‚˜ëŠ” ê·¸ëƒ¥ ì™„ì „ ì´ˆê¸°ë‹ˆê¹Œ 0.0.1ë¡œ ë‚´ë§˜ëŒ€ë¡œ ì •í•œê±°ë‹¤. 
description: package for npm Study
 -> ë§ê·¸ëŒ€ë¡œ ê·¸ëƒ¥ ì´ íŒ¨í‚¤ì§€ê°€ ë­”ì§€ ì„¤ëª…í•˜ëŠ” ë¶€ë¶„. 
entry point: (index.js) main.js
 -> ë‚˜ì˜ íŒ¨í‚¤ì§€ë¥¼ ë‹¤ë¥¸ì‚¬ëŒì´ ë¶€í’ˆìœ¼ë¡œ ê°€ì ¸ë‹¤ ì“¸ ë•Œ ì–´ë–¤ íŒŒì¼ì˜ ë‚´ìš©ì„ ì…êµ¬íŒŒì¼ë¡œí•´ì„œ ì‚¬ìš©í•˜ëŠ”ì§€ ì •í•˜ëŠ”ê²ƒ.

test command: í˜„ì¬ëŠ” ë…¸ìƒê´€ë“¤ ê·¸ëƒ¥ ì§€ë‚˜ê°€ì 
git repository: í˜„ì¬ëŠ” ë…¸ìƒê´€ë“¤ ê·¸ëƒ¥ ì§€ë‚˜ê°€ì 
keywords: í˜„ì¬ëŠ” ë…¸ìƒê´€ë“¤ ê·¸ëƒ¥ ì§€ë‚˜ê°€ì 
author: í˜„ì¬ëŠ” ë…¸ìƒê´€ë“¤ ê·¸ëƒ¥ ì§€ë‚˜ê°€ì 
license: (ISC) í˜„ì¬ëŠ” ë…¸ìƒê´€ë“¤ ê·¸ëƒ¥ ì§€ë‚˜ê°€ì 
About to write to /Users/seunghoon/Desktop/IhaveaDream/á„‰á…¢á†¼á„’á…ªá†¯á„á…©á„ƒá…µá†¼á„€á…¡á†¼á„‹á…´/NPM/producer/package.json:

{
  "name": "@hoon0123/hi",
  "version": "0.0.1",
  "description": "package for npm Study",
  "main": "main.js",
  "scripts": {
    "test": "echo \"Error: no test specified\" && exit 1"
  },
  "author": "",
  "license": "ISC"
}

Is this OK? (yes) yes

ìœ„ì²˜ëŸ¼ yesë¥¼ ëˆ„ë¥´ë©´ package.json ì´ë¼ëŠ” íŒŒì¼ì´ ìƒê¸°ê³  ë‚´ê°€ ì…ë ¥í–ˆë˜ ë‚´ìš©ì´ jsonì˜ ë°ì´í„°í¬ë§·ìœ¼ë¡œ ì €ì¥ë˜ì–´ìˆëŠ”ê±¸ ë³¼ ìˆ˜ ìˆë‹¤. 

ì ì´ì œ ë‚˜ì˜ íŒ¨í‚¤ì§€ì˜ ì‹¤ì œ ë‚´ìš©ì„ ì‘ì„±ì„ í•´ë‚˜ê°ˆê±´ë°, ê·¸ëŸ°ë° mainì˜ ì´ë¦„ì´ 'main.js' ì´ê¸° ë•Œë¬´ë„¤ main.jsë¼ëŠ” ì´ë¦„ì˜ íŒŒì¼ì„ ì‘ì„±í•´ì•¼ í•œë‹¤. 
ê·¸ë¦¬ê³  ì¸ì‚¬ë§ì„ ë‹´ê³ ìˆëŠ” ì•±ì„ ë§Œë“¤ë ¤ê³  í•˜ë‹ˆê¹Œ(ì¼ë‹¨ ê·¸ë ‡ë‹¤.)

(main.js)
module.exports = {ko: 'ì•™ë‡½', en: 'hi'}

ë¼ê³  ë§Œë“¤ì–´ì£¼ê³  

ìš°ë¦¬ì˜ íŒ¨í‚¤ì§€ë¥¼ ì‚¬ìš©í•˜ëŠ” ì†Œë¹„ìë“¤ì´ ì“¸ ìˆ˜ ìˆê²Œ í•˜ë ¤ë©´ ì´ê²ƒì„ ì†Œë¹„ìë“¤ì—ê²Œ export í•´ì•¼í•œë‹¤. 
ê·¸ë˜ì„œ module.export í•´ì¤€ê±°ê³  ì´ë ‡ê²Œ í•´ì¤Œìœ¼ë¡œì„œ ì € main.jsë¥¼ required í–ˆì„ ë•Œ export ë’¤ìª½ì˜ ì € ê°ì²´ê°€ ì „ë‹¬ì´ ë˜ëŠ”ê²ƒ ì´ë‹¤. 

ì ê·¸ëŸ¼ ì´ê²ƒì„ ì–´ë–»ê²Œ ì†Œë¹„ìë“¤ì—ê²Œ ì „ë‹¬ í•  ê²ƒì¸ì§€ ì•„ë¼ë³´ì. 



# NPM Registry - á„‘á…¢á„á…µá„Œá…µ á„‹á…¥á†¸á„…á…©á„ƒá…³ á„’á…¡á„€á…µ

npmjs.comì€ ì „ì„¸ê³„ ê°€ì¥í° ì†Œí”„íŠ¸ì›¨ì–´ ì €ì¥ì†Œì¤‘ì˜ í•˜ë‚˜ë‹¤. 
íŠ¹íˆë‚˜ nodeJSë¡œ ë§Œë“¤ì–´ì§„ ê±°ì˜ ëª¨ë“  í”„ë¡œê·¸ë¨ë“¤ì€ ì´ê³³ì— ì €ì¥ì´ ë˜ì–´ìˆë‹¤. 
ì´ê³³ì„ npm Registry ë¼ê³  í•œë‹¤. 

ì´ê³³ì— ë‚´ê°€ ë§Œë“  ì•±ì„ ì—…ë¡œë“œí•´ì„œ ë‹¤ë¥¸ì‚¬ëŒë„ ë³¼ ìˆ˜ ìˆê²Œ ì“¸ ìˆ˜ ìˆê²Œ í•´ë³¼ê²ƒì´ë‹¤. 

ì¼ë‹¨ npmjs.com ì— ê°€ì…í•˜ê³ , 

$ npm publish --access public

ìœ„ì²˜ëŸ¼ ì»¤ë§¨ë“œë¼ì¸ì— ì…ë ¥ì„ í•´ì£¼ë©´ 
ì•„ë˜ê°™ì€ ì—ëŸ¬ê°€ ë°œìƒí•œë‹¤. 


npm notice 
npm notice ğŸ“¦  @hoon/hi@0.0.1
npm notice === Tarball Contents === 
npm notice 3.0kB í•„ê¸°        
npm notice 41B   main.js     
npm notice 224B  package.json
npm notice === Tarball Details === 
npm notice name:          @hoon/hi                                
npm notice version:       0.0.1                                   
npm notice filename:      @hoon/hi-0.0.1.tgz                      
npm notice package size:  1.8 kB                                  
npm notice unpacked size: 3.3 kB                                  
npm notice shasum:        7b5b3c4fb7c70138887b2ca9f15c9bcc6aa7f8b1
npm notice integrity:     sha512-0RQQ+w2aGR2BB[...]zMkxicbfdt2gQ==
npm notice total files:   3                                       
npm notice 
npm ERR! code ENEEDAUTH
npm ERR! need auth This command requires you to be logged in.
npm ERR! need auth You need to authorize this machine using `npm adduser`

npm ERR! A complete log of this run can be found in:
npm ERR!     /Users/seunghoon/.npm/_logs/2022-04-28T13_30_31_034Z-debug.log


ë¡œê·¸ì¸ ì•ˆí–ˆë‹¤ ë­ ì´ëŸ° ì• ê¸°ë‹¤. 
ì´ì œ ì´ë•Œ ë‚´ê°€ npmjs.comì—ì„œ ê°€ì…í–ˆë˜ ì•„ì´ë””ë‘ íŒ¨ìŠ¤ì›Œë“œ ì‚¬ìš©í•˜ëŠ”ê±°ë‹¤. 


âœ  producer npm login

npm notice Log in on https://registry.npmjs.org/
Username: hoon0123
Password: 
Email: (this IS public) si932174@gmail.com
Enter one-time password from your authenticator app: 09378408
Logged in as hoon0123 on https://registry.npmjs.org/.


ìœ„ì™€ê°™ì€ ê³¼ì •ì„ í†µí•´ ë¡œê·¸ì¸ì„ í–ˆê³  

$ npm publish --access public

í•œë²ˆ ë” í•´ì£¼ë©´ 

npm notice 
npm notice ğŸ“¦  @hoon0123/hi@0.0.1
npm notice === Tarball Contents === 
npm notice 5.1kB í•„ê¸°        
npm notice 41B   main.js     
npm notice 228B  package.json
npm notice === Tarball Details === 
npm notice name:          @hoon0123/hi                            
npm notice version:       0.0.1                                   
npm notice filename:      @hoon0123/hi-0.0.1.tgz                  
npm notice package size:  2.7 kB                                  
npm notice unpacked size: 5.4 kB                                  
npm notice shasum:        c6cbe39a2aaa20241a3f9de6ba354aefbbfb618b
npm notice integrity:     sha512-00a9kxQgbMItb[...]qiKtXufUaONNw==
npm notice total files:   3                                       
npm notice 
This operation requires a one-time password.
Enter OTP: 26072584
+ @hoon0123/hi@0.0.1


ì§  ì´ë ‡ê²Œ ì„±ê³µì ìœ¼ë¡œ ì—…ë¡œë“œê°€ ë˜ì—ˆë‹¤. 
ì§ì§ì§ 

ë§Œì•½ ë‚´ê°€ íŒ¨í‚¤ì§€ì˜ ë‚´ìš©ì„ ìˆ˜ì •í•´ì„œ ë‹¤ì‹œ ì—…ë¡œë“œí•˜ë ¤ë©´ 
package.json ì—ì„œ ë²„ì „ì„ ìƒìœ„ë²„ì „ìœ¼ë¡œ ë°”ê¾¼ í›„ 

$ npm publish 

ë§Œ í•´ì£¼ë©´ ë³€ê²½í•œ ë²„ì „ì´ ì œì¶œì´ ëœë‹¤. 

ê·¸ë¦¬ê³  npmjs.com ì—ì„œ ë‚´ í”„ë¡œí•„í´ë¦­ í›„ packages ë¼ëŠ” í•­ëª©ì„ ë“¤ì–´ê°€ë©´
ë‚´ê°€ ë§Œë“  package @hoon0123/hi ê°€ ìˆê¼¬ ê·¸ê²ƒì„ í´ë¦­í•˜ë©´ 
ë‚˜ì˜ npm package í™ˆí˜ì´ì§€ê°€ ë‚˜ì˜¤ëŠ”ê²ƒì„ ë³¼ ìˆ˜ ìˆë‹¤.....ì™€ìš°



# á„‘á…¢á„á…µá„Œá…µ á„‰á…¡á„‹á…­á†¼á„’á…¡á„€á…µ

ê·¸ë ‡ë‹¤ë©´ ëª¨ë“ˆì„ ì‚¬ìš©í•˜ëŠ”ê²ƒì€ ì–´ë–»ê²Œ í•˜ë‚˜ 

ì‚¬ìš©í•˜ëŠ” ì…ì¥ì—ì„œë„ ìì‹ ì˜ íŒ¨í‚¤ì§€ë¡œì„œ ì •ì˜ë¥¼ í•´ì•¼í•œë‹¤. 

$ npm init -y 

í•´ì£¼ë©´ ìë™ìœ¼ë¡œ ê¸°ë³¸ê°’ì´ ì¼ë‹¨ ì„¤ì •ì´ ë˜ê³  package.json íŒŒì¼ì´ ìƒê²¨ë‚œë‹¤. 

ê·¸ë¦¬ê³  ì´ì œ íŒ¨í‚¤ì§€ë¥¼ ì„¤ì¹˜ë¥¼ í•´ë³´ì. 

$ npm i @hoon0123/hi 

ì„¤ì¹˜ê°€ ì™„ë£Œë˜ë©´ package.jsonì— 
ì•„ë˜ì²˜ëŸ¼ ë‚´ê°€ ì„¤ì¹˜í•œ íŒ¨í‚¤ì§€ì˜ ì´ë¦„ê³¼ ë²„ì „ì´ ë§Œë“¤ì–´ì§€ê³  
package-lock.json ì´ë¼ëŠ” íŒŒì¼ì´ ìƒê¸°ê³  
node_modules ë¼ëŠ” í´ë”ê°€ ìƒê¸´ë‹¤. 

{
  "name": "consumer",
  "version": "1.0.0",
  "description": "",
  "main": "index.js",
  "scripts": {
    "test": "echo \"Error: no test specified\" && exit 1"
  },
  "keywords": [],
  "author": "",
  "license": "ISC",
  "dependencies": {
    "@hoon0123/hi": "^0.0.1"
  }
}


ê·¸ë¦¬ê³  node_modules ë¼ëŠ” ë””ë ‰í† ë¦¬ì•ˆì— ìš°ë¦¬ì˜ @hoon0123 ìŠ¤ì½”í”„ì´ë¦„ì¸ ë””ë ‰í† ë¦¬ê°€ ìˆê³  ê·¸ì•ˆì— 
íŒ¨í‚¤ì§€ì˜ ì´ë¦„ì¸ hi ê°€ ë§Œë“¤ì–´ì§„ë‹¤. 
ê·¸ë¦¬ê³  ê·¸ hi ë””ë ‰í† ë¦¬ì•ˆì— ê´€ë ¨ëœ íŒŒì¼ë“¤ ë‚´ê°€ ë§Œë“¤ì—ˆë˜ íŒŒì¼ë“¤ì´ ìƒê¸°ê²Œ ëœê±°ë‹¤. 

ì ê·¸ëŸ¬ë©´ ì´ íŒ¨í‚¤ì§€ì˜ ìš°ë¦¬ê°€ ë¶€í’ˆìœ¼ë¡œ ì‚¬ìš©í•  ì € íŒ¨í‚¤ì§€ì˜ main.js ì•ˆì—ìˆëŠ” ë‚´ìš©ì„(ê°ì²´ê°€ ìˆì§€ ë‚´ê°€ ë§Œë“¤ì—ˆë˜)
ì‚¬ìš©ì„ í•´ë³´ì. 


**********************************************************************************************************************************************************
(index.js)
const greeting = require('@hoon0123/hi');

console.log(greeting);
**********************************************************************************************************************************************************

ìœ„ì²˜ëŸ¼ index.js íŒŒì¼ì„ ë§Œë“  í›„ ë‚´ê°€ ë§Œë“  íŒ¨í‚¤ì§€ë¥¼ ë¶ˆëŸ¬ì˜¨ ë’¤ 
$ node index.js 
ë¡œ ì‹¤í–‰ì„ í•´ë³´ë©´ ì»¤ë§¨ë“œë¼ì¸ì— 

âœ  consumer node index.js
{ ko: 'ì•™ë‡½', en: 'hi' }

ì´ëŸ° ê°ì²´ë¥¼ í™•ì¸í•  ìˆ˜ ìˆë‹¤. 

ì ì§€ê¸ˆì€ ì € ê°„ë‹¨í•œ ê°ì²´ê°€ ë“¤ì–´ê°€ìˆì§€ë§Œ ì € ì•ˆì— ì–´ë§ˆë¬´ì‹œí•œê²Œ ë“¤ì–´ê°€ìˆë‹¤ê³  ìƒê°í•˜ë©´ ê·¸ê²ƒì„ ì‚¬ìš©í•  ìˆ˜ ìˆê²Œ ë˜ëŠ”ê²ƒì´ë‹¤. 

ê·¸ë¦¬ê³  ë§Œì•½ ë‚´ê°€ ì‚¬ìš©í•œ íŒ¨í‚¤ì§€ì˜ ë²„ì „ì„ í™•ì¸í•˜ë ¤ë©´ 
$ npm outdated

ë¥¼ í†µí•´ í™•ì¸í•  ìˆ˜ ìˆë‹¤. 

ë˜í•œ íŒ¨í‚¤ì§€ì˜ ë²„ì „ì´ ì—…ë°ì´íŠ¸ ë˜ì—ˆë‹¤ë©´ 

package.jsonì˜ 

{
  "name": "consumer",
  "version": "1.0.0",
  "description": "",
  "main": "index.js",
  "scripts": {
    "test": "echo \"Error: no test specified\" && exit 1"
  },
  "keywords": [],
  "author": "",
  "license": "ISC",
  "dependencies": {
    "@hoon0123/hi": "0.0.1" <- ì´ë¶€ë¶„ì˜
  }
}

ì´ë¶€ë¶„ì˜ ë²„ì „ì„ ê³ ì³ì¤€ ë’¤ 

$ npm update í•´ì£¼ë©´ ëœë‹¤. 

ë§¤ë²ˆ ë²„ì „ì„ ì ì–´ì£¼ê¸° ê·€ì°®ë‹¤ë©´ 

{
  "name": "consumer",
  "version": "1.0.0",
  "description": "",
  "main": "index.js",
  "scripts": {
    "test": "echo \"Error: no test specified\" && exit 1"
  },
  "keywords": [],
  "author": "",
  "license": "ISC",
  "dependencies": {
    "@hoon0123/hi": "~0.0.1" <- ì´ë¶€ë¶„ì˜
  }
}

ìœ„ì²˜ëŸ¼ ë¬¼ê²°í‘œì‹œë¥¼ í•´ì£¼ë©´ 2ë²ˆì¨°ìë¦¬ê¹Œì§€ëŠ” ê³ ì •ì´ê³  ë§¨ë§ˆì§€ë§‰ 3ë²ˆì§¸ ìˆ«ìëŠ” ê°€ì¥ ìµœì‹ ë²„ì „ìœ¼ë¡œ ì—…ë°ì´íŠ¸ë¥¼ í•´ì£¼ê²Œ ëœë‹¤. 

ì € ìë™ì—…ë°ì´íŠ¸ ë˜ëŠ” ë²”ìœ„ë¥¼ ì •í•˜ëŠ”ê±´ 
semver.npmjs.com ì—ì„œ í™•ì¸í•  ìˆ˜ ìˆë”°. 


# á„†á…§á†¼á„…á…§á†¼á„’á…¢á†¼ á„‘á…³á„…á…©á„€á…³á„…á…¢á†· á„†á…¡á†«á„ƒá…³á†¯á„€á…µ

ì™„ì œí’ˆìœ¼ë¡œì„œ ë‚´ê°€ë§Œë“  íŒ¨í‚¤ì§€ë¥¼ ë‹¤ë¥¸ì‚¬ëŒë“¤ì´ ì“¸ìˆ˜ìˆë„ë¡ ê³µê¸‰í•´ë³¼ê²ƒì´ë‹¤. 
ì»¤ë§¨ë“œë¼ì¸ì—ì„œ ëª…ë ¹ì–´ë¡œì„œ ë‚˜ì˜ íŒ¨í‚¤ì§€ë¥¼ ì‹¤í–‰ì‹œí‚¤ëŠ”ê²ƒì´ë‹¤. 
(node_modules í´ë”ì•ˆì— ë„£ì–´ë†“ê³  ì“°ëŠ”ê²Œ ì•„ë‹ˆë¼ í•˜ë‚˜ì˜ ì œí’ˆìœ¼ë¡œì„œ ì‹¤í–‰ì‹œí‚¤ëŠ” íŒ¨í‚¤ì§€)

ì¼ë°˜ì ìœ¼ë¡œ cli.js íŒŒì¼ì´ë¦„ì„ ë§ì´ ì‚¬ìš©í•œë‹¤. 

ê·¸ë¦¬ê³  ì´íŒŒì¼ì€ main.jsì˜ ë‚´ìš©ì„ ê°€ì ¸ë‹¤ ì“¸ê²ƒì´ë‹¤. 

**********************************************************************************************************************************************************
(cli.js)

const greeting = require('./main');

console.log('Greeting: ', greeting.en);

(main.js)
module.exports = {ko: 'ì•™ë‡½', en: 'hi'}
**********************************************************************************************************************************************************

ìœ„ì²˜ëŸ¼ cli.js ì— main.jsë¥¼ ê°€ì ¸ì˜¨ ë’¤ console.log í•˜ê²Œ í•˜ëŠ” ì½”ë“œë¥¼ ì§  í›„ 
ì»¤ë§¨ë“œë¼ì¸ì— cli.js ë¥¼ ì‹¤í–‰ì‹œí‚¤ë©´ 

$ node cli.js
Greeting:  hi

ìœ„ì²˜ëŸ¼ ì‹¤í–‰ì´ ëœë‹¤. 
ê·¸ëŸ°ë° ì´ê±´ í•œìƒ ë˜‘ê°™ì€ ê²°ê³¼ë§Œì„ ë‚´ë†“ëŠ”ë‹¤. ë„ˆë¬´ ì •ì ì´ë‹¤. 
ê·¸ë ‡ë‹¤ë©´ ìš°ë¦¬ê°€ 

$ node cli.js ko 
ë¥¼ ì»¤ë§¨ë“œë¼ì¸ì— ì…ë ¥í•˜ë©´ 'ì•™ë‡½' ì´ë¼ê³  ë‚˜ì˜¬ ìˆ˜ ìˆê²Œ í•œë‹¤ë©´ ì–¼ë§ˆë‚˜ ë” íš¨ìš©ì„±ì´ ë†’ì•„ë‹ˆê² ëŠ”ê°€ 
ì¦‰, ì…ë ¥ê¸°ëŠ¥ì„ ë„£ê³  ì‹¶ì€ê²ƒì´ë‹¤. 

ê·¸ê±¸ìœ„í•´ ì•½ì†ëœê¸°ëŠ¥ì˜ ì½”ë“œê°€ 
process.argv ì´ë‹¤. argv = argument variable

**********************************************************************************************************************************************************
(cli.js)
const greeting = require('./main');
console.log(process.argv);
console.log('Greeting: ', greeting.en);

(main.js)
module.exports = {ko: 'ì•™ë‡½', en: 'hi'}
**********************************************************************************************************************************************************


ì ê·¸ëŸ¼ ìœ„ì²˜ëŸ¼ process.argv ë¥¼ console.log í•´ë³´ë©´ ì–´ë–»ê²Œ ë‚˜ì˜¬ê¹Œ.

$ node cli.js 

[
  '/usr/local/bin/node',
  '/Users/seunghoon/Desktop/IhaveaDream/á„‰á…¢á†¼á„’á…ªá†¯á„á…©á„ƒá…µá†¼á„€á…¡á†¼á„‹á…´/NPM/producer/cli.js'
]
Greeting:  hi


ì´ì™€ê°™ì€ ë°°ì—´ì´ ë‚˜ì˜¨ë‹¤. 
ìš°ë¦¬ê°€ ì‹¤í–‰í•œ node runtimeì´ ì²«ë²ˆì¨° ì›ì†Œ ë‘ë²ˆì¨° ì›ì†ŒëŠ” ìš°ë¦¬ê°€ ì‹¤í–‰í•˜ëŠ” í”„ë¡œê·¸ë¨ì´ë‹¤. 
ê·¸ë¦¬ê³  ì„¸ë²ˆì¨° ì¸ìë¶€í„° ë‚´ê°€ ì…ë ¥í•˜ëŠ” ê°’ì´ ë“¤ì–´ ê°€ê²Œ ëœë‹¤. 

$ node cli.js ko en he

[
  '/usr/local/bin/node',
  '/Users/seunghoon/Desktop/IhaveaDream/á„‰á…¢á†¼á„’á…ªá†¯á„á…©á„ƒá…µá†¼á„€á…¡á†¼á„‹á…´/NPM/producer/cli.js',
  'ko',
  'en',
  'he'
]
Greeting:  hi

ì ê·¸ëŸ¼ ë‚´ê°€ ì•„ë˜ì²˜ëŸ¼ process.argv[2] ë¥¼ console.log í•˜ê²Œë˜ë©´ ë‚´ê°€ ì…ë ¥í•œ ê°’ì´ ì»¤ë§¨ë“œë¼ì¸ì— ì¶œë ¥ë˜ê²Œë˜ëŠ”ê²ƒì´ë‹¤. 

**********************************************************************************************************************************************************
(cli.js)
const greeting = require('./main');
console.log(process.argv[2]);
console.log('Greeting: ', greeting.en);

(main.js)
module.exports = {ko: 'ì•™ë‡½', en: 'hi'}
**********************************************************************************************************************************************************

$ node cli.js ko
ko
Greeting:  hi

ì ê·¸ëŸ¼ ì•„ë˜ì²˜ëŸ¼ 
console.log('Greeting: ', greeting[process.argv[2]]);
í•´ì£¼ê²Œë˜ë©´ ë‚´ê°€ ì…ë ¥í•˜ëŠ” ê°’ì— ë”°ë¼ ê°ê¸° ë‹¤ë¥¸ ì¸ì‚¬ë§ì´ ë‚˜ì˜¤ê²Œ ë˜ëŠ”ê²ƒì´ë‹¤. 

**********************************************************************************************************************************************************
(cli.js)
const greeting = require('./main');
console.log(process.argv[2]);
console.log('Greeting: ', greeting[process.argv[2]]);

(main.js)
module.exports = {ko: 'ì•™ë‡½', en: 'hi'}
**********************************************************************************************************************************************************

$ node cli.js ko
ko
Greeting:  ì•™ë‡½

$ node cli.js en
en
Greeting:  hi

ì•„ë‹ˆê·¼ë° ì´ê±° ì‹¤í–‰í•  ë•Œ ë§ˆë‹¤ ì•ì—ë‹¤ê°€ 'node' ë¼ê³  ë¶™ì´ëŠ”ê²Œ ë„ˆë¬´ ê·€ì°®ë‹¤. 
ê·¸ë˜ì„œ ê·¸ëƒ¥ ì•„ë˜ì²˜ëŸ¼ ì‹¤í–‰í•´ë´¤ë”ë‹ˆ

$ ./cli.js
zsh: permission denied: ./cli.js

ì´ë ‡ê²Œ ê±°ì •ë‹¹í–ˆë‹¤. 
ì™¤ê¹Œ ì•„ë˜ì²˜ëŸ¼ íŒŒì¼ì„ ì¡°ì‚¬í•´ ë³´ë©´ 

$ ls -al
total 56
drwxr-xr-x@ 6 seunghoon  staff    192 Apr 29 21:35 .
drwxr-xr-x@ 5 seunghoon  staff    160 Apr 29 21:35 ..
-rw-r--r--  1 seunghoon  staff    119 Apr 29 21:32 cli.js
-rw-r--r--  1 seunghoon  staff     41 Apr 26 11:48 main.js
-rw-r--r--  1 seunghoon  staff    228 Apr 28 23:24 package.json
-rw-r--r--  1 seunghoon  staff  14151 Apr 29 21:37 í•„ê¸°

ìš”ë ‡ê²Œ ëœ¨ëŠ”ë° "-rw-r--r--" ì´ê²Œ ë­ëƒë©´ íŒŒì¼ì˜ ê¶Œí•œì„ ë‚˜íƒ€ë‚´ëŠ”ê±°ë‹¤. "rw-r--r--"  ë”± ìš” 9ë¶€ë¶„ì´ ê¶Œí•œì„ ë‚˜íƒ€ë‚´ëŠ”ê±°ë‹¤. 
ê·¸ì¤‘ ì € ì²«ë²ˆì§¸ 3ê°œê°€ ì†Œìœ ìì˜ ê¶Œí•œì„ ë‚˜íƒ€ë‚´ëŠ”ê±´ë° 
3ê°œëŠ” read(ì½ê¸°), write(ìˆ˜ì •), execute(ì‹¤í–‰) ì´ë‹¤. 
ê·¼ë° ì§€ê¸ˆ rw- ë¡œ ë˜ì–´ìˆëŠ”ê±° ë³´ë©´ ì‹¤í–‰ê¶Œí•œì´ ì—†ëŠ”ê±°ê³  ê·¸ë˜ì„œ 

$ ./cli.js
zsh: permission denied: ./cli.js
 
ìš”ë ‡ê²Œ ëœê±°ë‹¤. 

ì ê·¸ë˜ì„œ ì´ì œ ì € cli.js ë¥¼ ì†Œìœ ìëŠ” ì‹¤í–‰ì´ ê°€ëŠ¥í•˜ë„ë¡ ê¶Œí•œì„ ë¶€ì—¬í• ê²ƒì´ë‹¤. 

$ chmod +ux cli.js 
 = $ change permission mode + user execute cli.js 

ì ì´ì œ ê¶Œí•œì„ ë¶€ì—¬í–ˆê³  ë‹¤ì‹œ í™•ì¸í•´ë³´ë©´ 

$ ls -al
total 56
drwxr-xr-x@ 6 seunghoon  staff    192 Apr 29 21:44 .
drwxr-xr-x@ 5 seunghoon  staff    160 Apr 29 21:44 ..
-rwxr-xr-x  1 seunghoon  staff    119 Apr 29 21:32 cli.js

ì§  ì²«ë²ˆì¨°ì—ìˆëŠ” ì†Œìœ ì ê¶Œí•œì— rwx ê°€ ëª¨ë‘ ë‚˜ì˜¤ëŠ”ê²ƒì„ í™•ì¸í•  ìˆ˜ ìˆë‹¤. 

ê·¸ë˜ì„œ í˜¸ê¸°ë¡­ê²Œ ë‹¤ì‹œ ì‹¤í–‰ì„ í•´ë³´ì•˜ë”ë‹ˆ 

$ ./cli.js
./cli.js: line 1: syntax error near unexpected token `('
./cli.js: line 1: `const greeting = require('./main');'

ìœ„ì™€ê°™ì´ ì—ëŸ¬ê°€ ëœ¬ë‹¤. 
ì™œì¼ê¹Œ
ì € cli.js ëŠ” nodeJS ë‹¤. ì¦‰, javascript ì¸ê±°ì§€. 

ê·¸ëŸ°ë° ìš´ì˜ì²´ì œí•œí…Œ ê·¸ëƒ¥ ì•¼ ì‹¤í–‰ì‹œì¼œ í•˜ë©´ ë‹¹ì—°íˆ ëª¨ë¥´ê² ì§€ ê·¸ëŸ¬ë‹ˆ "nodeJS ë¡œ ë§Œë“¤ì–´ì¡Œìœ¼ë‹ˆê¹Œ nodeJS Runtime í”„ë¡œê·¸ë¨ì„ í†µí•´ì„œ ì‹¤í–‰ì‹œì¼œì•¼í•´"
ë¼ê³  ì–˜ê¸°ë¥¼ í•´ì¤˜ì•¼í•œë‹¤. 
ê·¸ë˜ì„œ ì € cli.js ì˜ ìµœìƒë‹¨ì— ì•„ë˜ì²˜ëŸ¼ ì ì–´ì£¼ëŠ”ê²ƒì´ê³  ì €ê±¸ ì ì–´ì¤Œìœ¼ë¡œ ì¸í•´ ìš´ì˜ì²´ì œí•œí…Œ ì´ íŒŒì¼ì€ nodeJSì— ë§ê²Œ ì‘ì„±í•œê²ƒì´ë‹ˆ nodeJSë¡œ ì‹¤í–‰ì‹œí‚¤ë¼ê³  ì•Œë ¤ì¤„ ìˆ˜ ìˆëŠ”ê²ƒì´ë‹¤. 

**********************************************************************************************************************************************************
(cli.js)
#!/usr/bin/env node

const greeting = require('./main');
console.log(process.argv[2]);
console.log('Greeting: ', greeting[process.argv[2]]);
**********************************************************************************************************************************************************

$ ./cli.js ko
ko
Greeting:  ì•™ë‡½

ì§  ì´ì œ ì‹¤í–‰ì´ ì™¼ë‹¤.

ì ì´ë ‡ê²Œí•´ì„œ ìš°ë¦¬ê°€ ë‚´ìš©ì„ ë§Œë“¤ì—ˆë‹¤. 
ì´ì œ ë‹¤ë¥¸ì‚¬ëŒì´ ì“¸ ìˆ˜ ìˆê²Œ í•´ë³¼ê±°ë‹¤. 

package.json ìœ¼ë¡œ ë“¤ì–´ê°€ì„œ 
'bin' ì´ë¼ëŠ” propertyë¥¼ ì¶”ê°€í•œë‹¤. 
ê·¸ë¦¬ê³  ê·¸ì•ˆì˜ í”„ë¡œí¼í‹°ì—  ë‚´ê°€ ë§Œë“  cli.js íŒŒì¼ì„ ë„£ì–´ì¤€ë‹¤. 

**********************************************************************************************************************************************************
(package.json)

{
  "name": "@hoon0123/hi",
  "version": "0.0.1",
  "description": "package for npm Study",
  "main": "main.js",
  "scripts": {
    "test": "echo \"Error: no test specified\" && exit 1"
  },
  "bin": {
    "say-hi": "./cli.js"    <- ì—¬ê¸° ë„£ì–´ì¤€ê²¨ 
  },
  "author": "",
  "license": "ISC"
}
**********************************************************************************************************************************************************

ì´ë ‡ê²Œ í•´ì£¼ë©´ ì´ íŒ¨í‚¤ì§€ë¥¼ ì„¤ì¹˜í•œ ì‚¬ëŒì´ say-hi ë¼ê³ í•˜ë©´ ë‚´ê°€ë§Œë“  cli.js íŒŒì¼ì„ ì‹¤í–‰í•˜ê²Œ ë˜ëŠ”ê²ƒì´ë‹¤. 

ì ì—¬ê¸°ê¹Œì§€í–ˆìœ¼ë‹ˆ ì—…ë¡œë“œ í•œë²ˆ í•˜ê³  ë„˜ì–´ê°€ì 
ê³µë¶€í—€ë“¯ì´ ì—…ë¡œë“œë¥¼í•˜ë ¤ë©´ ë°˜ë“œì‹œ package.jsonì—ì„œ ë²„ì „ì—…ì„ í•´ì•¼í•œë‹¤. 
ë²„ì „ì—… í•´ì£¼ê³  ì•„ë˜ì²˜ëŸ¼ ì»¤ë§¨ë“œë¼ì¸ì— ì…ë ¥ 

$ npm publish 




# á„‘á…¢á„á…µá„Œá…µ á„‰á…¥á†¯á„á…µá„’á…¡á„€á…© á„‰á…µá†¯á„’á…¢á†¼á„’á…¡á„€á…µ

**********************************************************************************************************************************************************
(package.json)

{
  "name": "@hoon0123/hi",
  "version": "0.0.2",
  "description": "package for npm Study",
  "main": "main.js",
  "scripts": {
    "test": "echo \"Error: no test specified\" && exit 1"
  },
  "bin": {
    "say-hi": "./cli.js"
  },
  "author": "",
  "license": "ISC"
}
**********************************************************************************************************************************************************

ìƒì‚°ìê°€ ë§Œë“  nodeJS íŒ¨í‚¤ì§€ ì§€ê¸ˆì€ cli.js ì € íŒŒì¼ì„ ì†Œë¹„ìì˜ ì»´í“¨í„°ì—ì„œ ì„¤ì¹˜í•´ì„œ ì‹¤í–‰í•˜ëŠ” ë°©ë²•ì„ ì•Œì•„ë³¼ê²ƒì´ë‹¤. 
íŒ¨í‚¤ì§€ë¥¼ ë§Œë“  ìƒì‚°ìëŠ” package.json ì—ë‹¤ê°€ ìì‹ ì´ë§Œë“  íŒ¨í‚¤ì§€ë¥¼ ì‚¬ìš©í•˜ëŠ” ì‚¬ìš©ìë“¤ì€ 'say-hi ë¼ëŠ” ëª…ë ¹ì–´ë¥¼ í†µí•´ì„œ ì´ cli.js ë¥¼ ì‹¤í–‰í• ê²ë‹ˆë‹¤' ë¼ê³  ì •ì˜ë¥¼ í•´ë†“ì•˜ë‹¤. 

ì ê·¸ëŸ¬ë©´ ì–´ë–»ê²Œí•˜ë©´ ì†Œë¹„ìë“¤ì´ ì € say-hië¥¼ í†µí•´ì„œ cli.js ì‹¤í–‰í•  ìˆ˜ ìˆì„ê¹Œ ë¼ëŠ”ê±¸ ì§€ê¸ˆë¶€í„° ì‚´í´ë³´ì. 

ì‚¬ìš©ìê°€ ë‹¤ë¥¸ íŒ¨í‚¤ì§€ë¥¼ ëª…ë ¹ì–´ë¡œì„œ ì‹¤í–‰í•˜ëŠ” ë°©ë²•ì€ í¬ê²Œ 3ê°€ì§€ê°€ ìˆë‹¤. 
1. ìì‹ ì˜ ë¡œì»¬íŒ¨í‚¤ì§€, package.json ì´ë¼ëŠ” íŒŒì¼ì— ì†í•´ìˆëŠ” íŒ¨í‚¤ì§€ ê±°ê¸°ì—ë‹¤ê°€ ì„¤ì¹˜í•˜ëŠ”ê²ƒ <- node_modules ì— ì„¤ì¹˜ë˜ì–´ìˆëŠ” ê²ƒì´ë‹¤. 
2. ì´ ì»´í“¨í„° ì–´ë””ì—ì„œë“ ì§€ ëª…ë ¹ì–´ë¥¼ í†µí•´ì„œ ì‹¤í–‰ì‹œí‚¬ ìˆ˜ ìˆê²Œ ì „ì—­ì ìœ¼ë¡œ ì„¤ì¹˜í•˜ëŠ” ë°©ë²• 
3. ì„¤ì¹˜í•˜ì§€ ì•Šê³  ê·¸ëƒ¥ íŒ¨í‚¤ì§€ë¥¼ ë‹¤ìš´ë¡œë“œë°›ê³  ì‹¤í–‰í•˜ê³  ì‚­ì œí•´ì„œ 1íšŒì„±ìœ¼ë¡œ ì‹¤í–‰í•˜ëŠ” ë°©ë²• <- í•­ìƒ ìµœì‹ ë²„ì „ì´ê³  ì„¤ì¹˜í•˜ëŠ”ê³¼ì •ì—ì„œì˜ ì°Œêº¼ê¸°ê°€ ë‚¨ì§€ ì•ŠëŠ”ë‹¤. 

ì í•˜ë‚˜ì”© ì‚´í´ë³´ê¸° ìœ„í•´ ì¼ë‹¨ ë‚´ê°€ ì„¤ì¹˜í–ˆë˜ ë‚˜ì˜ íŒ¨í‚¤ì§€ë¥¼ ì§€ì›Œë³´ì. 

$ npm uninstall @hoon0123/hi 

ì§€ì›Œì£¼ë‹ˆ ì•„ë˜ì²˜ëŸ¼ dependencies ì—ì„œ ì‚¬ë¼ì¡Œë‹¤. 
**********************************************************************************************************************************************************
(package.json) <- Consumer ë‹¨ì„.

{
  "name": "consumer",
  "version": "1.0.0",
  "description": "",
  "main": "index.js",
  "scripts": {
    "test": "echo \"Error: no test specified\" && exit 1"
  },
  "keywords": [],
  "author": "",
  "license": "ISC"
}
**********************************************************************************************************************************************************


1. ë¡œì»¬íŒ¨í‚¤ì§€ì— ì„¤ì¹˜í•´ì„œ ì‚¬ìš©í•˜ëŠ” ë°©ë²•
 -> ì´ë¯¸ í•´ë´¤ë˜ ê°€ì¥ ë³´í¸ì ì¸ ë°©ë²• 

$ npm i @hoon0123/hi

ì ì´ë ‡ê²Œ ì„¤ì¹˜ë¥¼ í•˜ë©´ ë‹¹ì—°íˆ package.jsonì— ì•„ë˜ì²˜ëŸ¼ ì¶”ê°€ê°€ë˜ìˆê³  

**********************************************************************************************************************************************************
(package.json) <- Consumer ë‹¨ì„.

{
  "name": "consumer",
  "version": "1.0.0",
  "description": "",
  "main": "index.js",
  "scripts": {
    "test": "echo \"Error: no test specified\" && exit 1"
  },
  "keywords": [],
  "author": "",
  "license": "ISC",
  "dependencies": {
    "@hoon0123/hi": "^0.0.2"
  }
}
**********************************************************************************************************************************************************

ê·¸ëŸ¬ë©´ node_modules í´ë”ì—ëŠ” ì–´ë–¤ ë³€í™”ê°€ ìƒê²¼ì„ê¹Œ 

node_modulesì— .bin ì´ë¼ëŠ” ë””ë ‰í† ë¦¬ê°€ ìƒê²¼ë‹¤. 
ê·¸ë¦¬ê³  ê·¸ì•ˆì— ë³´ë©´ say-hi ë¼ëŠ” íŒŒì¼ì´ ìƒê²¼ê³  

$ .bin ls -al
total 0
drwxr-xr-x@ 3 seunghoon  staff   96 Apr 29 22:33 .
drwxr-xr-x@ 5 seunghoon  staff  160 Apr 29 22:33 ..
lrwxr-xr-x  1 seunghoon  staff   22 Apr 29 22:33 say-hi -> ../@hoon0123/hi/cli.js

ê·¸ íŒŒì¼ì—ëŠ” ë‚´ìš©ì´ ì—†ê³  @hoon0123/hi/cli.js <- ì—¬ê¸°ë¡œ ë§í¬ê°€ ê±¸ë ¤ìˆë‹¤. 
ê·¸ë˜ì„œ say-hië¥¼ ì‹¤í–‰ì‹œí‚¤ë©´ ê²°êµ­ cli.js ë¥¼ ì‹¤í–‰ì‹œí‚¤ëŠ” ê²°ê³¼ë¥¼ ê°€ì§€ê²Œ ë˜ëŠ”ê²ƒì´ë‹¤. 

$ consumer ./node_modules/.bin/say-hi ko
ko
Greeting:  ì•™ë‡½

ì§  ìœ„ì²˜ëŸ¼ ì‹¤í–‰í•˜ë‹ˆê¹Œ ê²°êµ­ cli.js ê°€ ì‹¤í–‰ëœë‹¤. 

ì ì´ê²Œ ë¡œì»¬ì— ì„¤ì¹˜í•´ì„œ ì‚¬ìš©í•˜ëŠ” ë°©ì‹ì´ë‹¤. 





2. ì „ì—­ì˜ì—­ì— ì„¤ì¹˜í•´ì„œ ì‚¬ìš©í•˜ëŠ” ë°©ë²• 

ì „ì—­ì˜ì—­ì— ì„¤ì¹˜í•  ë–„ ëŠ”  
$ npm i -g @hoon0123/hi 
 =  $ npm install --global @hoon0123/hi

ë¼ê³  ì ì–´ì£¼ë©´ ëœë‹¤. (ë‘˜ë‹¤ ê°€ëŠ¥ì´ë‹¤.)

////////////////////////////////////////////////////////////////////////////////////////////////////////////////////////////////////////////////

npm install -g ì „ì—­ ì„¤ì¹˜ ì‹œ

ì•„ë˜ì™€ ê°™ì€ ì—ëŸ¬ê°€ ë°œìƒí•˜ëŠ” ê²½ìš°ê°€ ìˆìŠµë‹ˆë‹¤.

Error: EACCES: permission denied, access '/usr/lib/node_modules'
ì—¬ê¸°ì„œëŠ” @vue/clië¥¼ ì „ì—­ìœ¼ë¡œ ì„¤ì¹˜ ì‹œ
ì•„ë˜ì™€ ê°™ì´ ì—ëŸ¬ê°€ ë°œìƒí•˜ì˜€ìŠµë‹ˆë‹¤.

removed 1 package, and audited 1 package in 148ms

found 0 vulnerabilities
âœ  consumer npm i -g @hoon0123/hi     
npm ERR! code EACCES
npm ERR! syscall mkdir
npm ERR! path /usr/local/lib/node_modules/@hoon0123
npm ERR! errno -13
npm ERR! Error: EACCES: permission denied, mkdir '/usr/local/lib/node_modules/@hoon0123'
npm ERR!  [Error: EACCES: permission denied, mkdir '/usr/local/lib/node_modules/@hoon0123'] {
npm ERR!   errno: -13,
npm ERR!   code: 'EACCES',
npm ERR!   syscall: 'mkdir',
npm ERR!   path: '/usr/local/lib/node_modules/@hoon0123'
npm ERR! }
npm ERR! 
npm ERR! The operation was rejected by your operating system.
npm ERR! It is likely you do not have the permissions to access this file as the current user
npm ERR! 
npm ERR! If you believe this might be a permissions issue, please double-check the
npm ERR! permissions of the file and its containing directories, or try running
npm ERR! the command again as root/Administrator.

npm ERR! A complete log of this run can be found in:
npm ERR!     /Users/seunghoon/.npm/_logs/2022-04-29T13_49_55_012Z-debug.log
âœ  consumer npm i -g @hoon0123/hi
npm ERR! code EACCES
npm ERR! syscall mkdir
npm ERR! path /usr/local/lib/node_modules/@hoon0123
npm ERR! errno -13
npm ERR! Error: EACCES: permission denied, mkdir '/usr/local/lib/node_modules/@hoon0123'
npm ERR!  [Error: EACCES: permission denied, mkdir '/usr/local/lib/node_modules/@hoon0123'] {
npm ERR!   errno: -13,
npm ERR!   code: 'EACCES',
npm ERR!   syscall: 'mkdir',
npm ERR!   path: '/usr/local/lib/node_modules/@hoon0123'
npm ERR! }
npm ERR! 
npm ERR! The operation was rejected by your operating system.
npm ERR! It is likely you do not have the permissions to access this file as the current user
npm ERR! 
npm ERR! If you believe this might be a permissions issue, please double-check the
npm ERR! permissions of the file and its containing directories, or try running
npm ERR! the command again as root/Administrator.

npm ERR! A complete log of this run can be found in:
npm ERR!     /Users/seunghoon/.npm/_logs/2022-04-29T13_50_00_892Z-debug.log



ì—ëŸ¬ ë©”ì‹œì§€ì—ì„œ ë³´ì—¬ì§€ë“¯ì´

/usr/lib/node_modulesì— ëŒ€í•œ ê¶Œí•œì´ ì—†ì–´ì„œ ìƒê¸°ëŠ” ì˜¤ë¥˜ ë©”ì‹œì§€ ì…ë‹ˆë‹¤.

ê°€ì¥ ê°„ë‹¨í•œ í•´ê²°ë°©ë²•ì€
ê´€ë¦¬ì ê¶Œí•œì¸ sudoë¡œ ì„¤ì¹˜ë¥¼ í•˜ë©´ í•´ê²°ë©ë‹ˆë‹¤.

í•˜ì§€ë§Œ npm ê³µì‹ ì‚¬ì´íŠ¸ì—ì„œëŠ”
npm ê¸°ë³¸ ê²½ë¡œë¥¼ ë³€ê²½í•´ì„œ ì‚¬ìš©í•  ê²ƒì„ ê¶Œì¥í•©ë‹ˆë‹¤.
ì°¸ê³  : npm ì‚¬ì´íŠ¸

í•´ê²°ë°©ë²•
í™ˆ ë””ë ‰í„°ë¦¬ì—ì„œ ì „ì—­ ì„¤ì¹˜ë¥¼ ìœ„í•œ ë””ë ‰í„°ë¦¬ë¥¼ ë§Œë“­ë‹ˆë‹¤

mkdir ~/.npm-global
ìƒˆ ë””ë ‰í† ë¦¬ ê²½ë¡œë¥¼ ì‚¬ìš©í•˜ë„ë¡ npm êµ¬ì„±í•©ë‹ˆë‹¤

npm config set prefix '~/.npm-global'
í…ìŠ¤íŠ¸ í¸ì§‘ê¸°ì—ì„œ ~/.profile íŒŒì¼ì„ ì—´ê±°ë‚˜ ë§Œë“¤ê³ 
ë‹¤ìŒ ì¤„ì„ ì¶”ê°€í•©ë‹ˆë‹¤

export PATH=~/.npm-global/bin:$PATH
ì‹œìŠ¤í…œ ë³€ìˆ˜ë¥¼ ì—…ë°ì´íŠ¸í•©ë‹ˆë‹¤.

source ~/.profile
í…ŒìŠ¤íŠ¸í•˜ë ¤ë©´ sudoë¥¼ ì‚¬ìš©í•˜ì§€ ì•Šê³  ì „ì—­ ì ìœ¼ë¡œ íŒ¨í‚¤ì§€ë¥¼ ì„¤ì¹˜í•©ë‹ˆë‹¤

npm install -g @vue/cli
ì—ëŸ¬ ì—†ì´ ì„¤ì¹˜ë˜ëŠ” ê²ƒì„ í™•ì¸í•  ìˆ˜ ìˆìŠµë‹ˆë‹¤.

ì´ìƒìœ¼ë¡œ npm ì „ì—­ ì„¤ì¹˜ ì‹œ EACCES: permission denied í•´ê²° ë°©ë²•ì´ì—ˆìŠµë‹ˆë‹¤.

////////////////////////////////////////////////////////////////////////////////////////////////////////////////////////////////////////////////

ì ìš”ë¡·ê²Œ ì¼ë‹¨ ì„¤ì¹˜ë¥¼ í–ˆê³  consumer í´ë” ë°”ê¹¥ìœ¼ë¡œ ë‚˜ê°€ì„œ 

âœ  Desktop say-hi ko
ko
Greeting:  ì•™ë‡½

Desktop í´ë”ë¡œ ê°€ì„œ say-hi ko ë¥¼ ì‹¤í–‰í•´ë„ ëœë‹¤. 
ì¦‰, ì „ì—­ì ìœ¼ë¡œ ì‚¬ìš©í•  ìˆ˜ ìˆëŠ” ì»¤ë§¨ë“œë¼ì¸ ëª…ë ¹ì–´ í”„ë¡œê·¸ë¨ì´ ì„¤ì¹˜ê°€ ë˜ì„œ ì„¸íŒ…ê¹Œì§€ ëœê²ƒì´ë‹¤. 



3. NPX 

ì—¬ê¸°ì„œ x ëŠ” executeì˜ x ë‹¤. 
ì¦‰. npxëŠ” nodeJS íŒ¨í‚¤ì§€ë¥¼ ì‹¤í–‰í•  ë–„ ì‚¬ìš©í•˜ëŠ” í”„ë¡œê·¸ë¨ì¸ê²ƒì´ë‹¤. 
ì´ npxì˜ ì§„ì •í•œ ê°€ì¹˜ëŠ” 1íšŒìš© í”„ë¡œê·¸ë¨ì„ ì‹¤í–‰í•  ë–„ ë‚˜íƒ€ë‚˜ëŠ”ë° 
í…ŒìŠ¤íŠ¸ í•´ë³´ê¸° ìœ„í•´ ì¼ë‹¨ ë¡œì»¬ê³¼ ì „ì—­ì— ìˆëŠ” ë‚˜ì˜ @hoon0123/hi íŒ¨í‚¤ì§€ë¥¼ ë‹¤ ì§€ì›Œì¤€ë‹¤. 

$ npm uninstall @hoon0123/hi      <- ë¡œì»¬ì˜ì—­ ì‚­ì œ 
$ npm uninstall -g @hoon0123/hi   <- ê¸€ë¡œë²Œì˜ì—­ ì‚­ì œ 

ì ì´ì œ ì‹¤í–‰ì‹œì¼œ ë³´ì 

$ npx @hoon0123/hi ko
ko
Greeting:  ì•™ë‡½

ì˜¤ ëœë‹¤. 

ì´ê²Œ ë­ê°€ ì¢‹ëƒë©´ ì‹¤í–‰í•  ë–„ ë§ˆë‹¤ ìµœì‹ ë²„ì „ì´ë¼ëŠ”ê²ƒì„ í™•ì‹ í•  ìˆ˜ ìˆê³  ë˜í•œ ì‹¤í–‰í•  ë•Œ ë§ˆë‹¤ ë‹¤ìš´ë¡œë“œë¥¼ ë°›ìœ¼ë©´ ì°Œêº¼ê¸°ê°€ ë‚¨ëŠ”ë° ê·¸ëŸ°ê²Œ ì—†ì´ ì‹¤í–‰ë˜ê³  ì§€ì›Œì§€ê¸°ë•Œë¬¸ì— ì•„ì£¼ ê¹”ê¼¼í•˜ë‹¤. 
ë‹¨ì ì€ ì‹¤í–‰í•  ë–„ ë§ˆë‹¤ ìƒˆë¡œ ë‹¤ìš´ë¡œë“œë¥¼ ë°›ì•„ì•¼í•´ì„œ ì‹¤í–‰ì†ë„ê°€ ì¢€ ëŠë¦¬ë‹¤. 

ë§Œì•½ íŒ¨í‚¤ì§€ì•ˆì— ì‹¤í–‰íŒŒì¼ì´ í•œê°œê°€ ì•„ë‹ˆë¼ë©´ 

$ npx -p @hoon0123/hi say-hi ko ì´ë ‡ê²Œ íŒ¨í‚¤ì§€ë¥¼ ë‹¤ìš´ë¡œë“œ ë°›ì•„ì„œ ë’¤ì— ì´ë¦„ì ì–´ì¤€ íŒŒì¼ì„ ì‹¤í–‰ì‹œí‚¤ê²Œ í•  ìˆ˜ ìˆë‹¤. 

ì •ë§ ê°„ë‹¨í•˜ê³  ì•„ì£¼ íš¨ìœ¨ì ì´ë‹¤. 
ì–´ë”” ì»´í“¨í„°ì— ìˆë˜ì§€ npmë§Œ ê¹”ë ¤ìˆë‹¤ë©´ ì‚¬ìš©í•  ìˆ˜ ê°€ ìˆëŠ”ê²ƒì´ë‹¤. 

ê·¼ë° ì´ê²Œ npx ëŠ” ë‚´ê°€ ì„¤ì¹˜ë¥¼ ì•ˆí–ˆìœ¼ë©´ ì„¤ì¹˜í•˜ê³  ì‹¤í–‰í•˜ê³  ì§€ìš°ì§€ë§Œ 
ê¸€ë¡œë²Œì´ë“  ë¡œì»¬ì´ë“  ê¹”ë ¤ìˆìœ¼ë©´ ê¹”ë ¤ìˆëŠ”ë†ˆ ì‹¤í–‰í•œë‹¤. 

ê·¼ë° ë¡œì»¬ì—ë„ ìˆê¼¬ ê¸€ë¡œë²Œì—ë„ ìˆë‹¤ë©´ ë¡œì»¬ì—ìˆëŠ” ì•  ë¨¼ì € ì‹¤í–‰í•œë‹¤. 

ì¦‰ ì‹¤í–‰ìˆœì„œëŠ” 
1. ë¡œì»¬ë¨¼ì € ì°¾ê³  ì—†ìœ¼ë©´
2. ê¸€ë¡œë²Œì—ì„œ ì°¾ê³  ê·¸ë˜ë„ ì—†ìœ¼ë©´
3. ë‹¤ìš´ë¡œë“œë°›ì•„ì„œ ì‹¤í–‰í•˜ê³  ì§€ìš´ë‹¤. 

ë—.



